// Jest Snapshot v1, https://goo.gl/fbAQLP

exports[`/registrate Test id Registrate is rendered 1`] = `
<div
  class="container container"
>
  <div
    class="layout"
  >
    <div
      class="flex login-form text-xs-center"
    >
      <div
        class="display-1 mb-3 "
      >
        <i
          aria-hidden="true"
          class="v-icon notranslate material-icons theme--light"
          style="font-size: 40px;"
        >
          assignment_ind
        </i>
         Sign Up
      
      </div>
       
      <div
        class="v-card v-sheet theme--light"
      >
        <div
          class="v-card__text"
        >
          <div>
            Create your account
          </div>
           
          <form
            class="v-form"
            novalidate="novalidate"
          >
            <div
              class="v-input theme--light v-text-field"
            >
              <div
                class="v-input__prepend-outer"
              >
                <div
                  class="v-input__icon v-input__icon--prepend"
                >
                  <i
                    aria-hidden="true"
                    class="v-icon notranslate material-icons theme--light"
                  >
                    person
                  </i>
                </div>
              </div>
              <div
                class="v-input__control"
              >
                <div
                  class="v-input__slot"
                >
                  <div
                    class="v-text-field__slot"
                  >
                    <label
                      class="v-label theme--light"
                      for="input-5"
                      style="left: 0px; position: absolute;"
                    >
                      Username
                    </label>
                    <input
                      id="input-5"
                      type="text"
                    />
                  </div>
                </div>
                <div
                  class="v-text-field__details"
                >
                  <div
                    class="v-messages theme--light"
                  >
                    <transition-group-stub
                      class="v-messages__wrapper"
                      name="message-transition"
                      tag="div"
                    />
                  </div>
                </div>
              </div>
            </div>
             
            <div
              class="v-input theme--light v-text-field"
            >
              <div
                class="v-input__prepend-outer"
              >
                <div
                  class="v-input__icon v-input__icon--prepend"
                >
                  <i
                    aria-hidden="true"
                    class="v-icon notranslate material-icons theme--light"
                  >
                    person
                  </i>
                </div>
              </div>
              <div
                class="v-input__control"
              >
                <div
                  class="v-input__slot"
                >
                  <div
                    class="v-text-field__slot"
                  >
                    <label
                      class="v-label theme--light"
                      for="input-9"
                      style="left: 0px; position: absolute;"
                    >
                      Name
                    </label>
                    <input
                      id="input-9"
                      type="text"
                    />
                  </div>
                </div>
                <div
                  class="v-text-field__details"
                >
                  <div
                    class="v-messages theme--light"
                  >
                    <transition-group-stub
                      class="v-messages__wrapper"
                      name="message-transition"
                      tag="div"
                    />
                  </div>
                </div>
              </div>
            </div>
             
            <div
              class="v-input theme--light v-text-field"
            >
              <div
                class="v-input__prepend-outer"
              >
                <div
                  class="v-input__icon v-input__icon--prepend"
                >
                  <i
                    aria-hidden="true"
                    class="v-icon notranslate material-icons theme--light"
                  >
                    email
                  </i>
                </div>
              </div>
              <div
                class="v-input__control"
              >
                <div
                  class="v-input__slot"
                >
                  <div
                    class="v-text-field__slot"
                  >
                    <label
                      class="v-label theme--light"
                      for="input-13"
                      style="left: 0px; position: absolute;"
                    >
                      Email
                    </label>
                    <input
                      id="input-13"
                      type="text"
                    />
                  </div>
                </div>
                <div
                  class="v-text-field__details"
                >
                  <div
                    class="v-messages theme--light"
                  >
                    <transition-group-stub
                      class="v-messages__wrapper"
                      name="message-transition"
                      tag="div"
                    />
                  </div>
                </div>
              </div>
            </div>
             
            <div
              class="v-input theme--light v-text-field"
            >
              <div
                class="v-input__prepend-outer"
              >
                <div
                  class="v-input__icon v-input__icon--prepend"
                >
                  <i
                    aria-hidden="true"
                    class="v-icon notranslate material-icons theme--light"
                  >
                    lock
                  </i>
                </div>
              </div>
              <div
                class="v-input__control"
              >
                <div
                  class="v-input__slot"
                >
                  <div
                    class="v-text-field__slot"
                  >
                    <label
                      class="v-label theme--light"
                      for="input-17"
                      style="left: 0px; position: absolute;"
                    >
                      Password
                    </label>
                    <input
                      id="input-17"
                      type="password"
                    />
                  </div>
                </div>
                <div
                  class="v-text-field__details"
                >
                  <div
                    class="v-messages theme--light"
                  >
                    <transition-group-stub
                      class="v-messages__wrapper"
                      name="message-transition"
                      tag="div"
                    />
                  </div>
                </div>
              </div>
            </div>
             
            <div
              class="v-input theme--light v-text-field"
            >
              <div
                class="v-input__prepend-outer"
              >
                <div
                  class="v-input__icon v-input__icon--prepend"
                >
                  <i
                    aria-hidden="true"
                    class="v-icon notranslate material-icons theme--light"
                  >
                    lock
                  </i>
                </div>
              </div>
              <div
                class="v-input__control"
              >
                <div
                  class="v-input__slot"
                >
                  <div
                    class="v-text-field__slot"
                  >
                    <label
                      class="v-label theme--light"
                      for="input-21"
                      style="left: 0px; position: absolute;"
                    >
                      Verify Password
                    </label>
                    <input
                      id="input-21"
                      type="password"
                    />
                  </div>
                </div>
                <div
                  class="v-text-field__details"
                >
                  <div
                    class="v-messages theme--light"
                  >
                    <transition-group-stub
                      class="v-messages__wrapper"
                      name="message-transition"
                      tag="div"
                    />
                  </div>
                </div>
              </div>
            </div>
             
            <button
              class="v-btn v-btn--contained theme--light v-size--default"
              type="button"
            >
              <span
                class="v-btn__content"
              >
                Sign up
              </span>
            </button>
             
            <div
              class="v-dialog__container"
              role="dialog"
            >
              <button
                aria-expanded="false"
                aria-haspopup="true"
                class="v-btn v-btn--contained theme--light v-size--default"
                role="button"
                type="button"
              >
                <span
                  class="v-btn__content"
                >
                  
                  Information
                
                </span>
              </button>
              <!---->
            </div>
          </form>
        </div>
      </div>
    </div>
  </div>
</div>
`;
