// Jest Snapshot v1, https://goo.gl/fbAQLP

exports[`/ Test if Home is rendered 1`] = `
<div
  class="home"
>
  <div
    class="container d-flex"
  >
    <div
      class="row align-center justify-center"
    >
      <div
        class="d-flex col-sm-6 col-12"
      >
        <div
          class="v-input theme--light v-text-field v-text-field--filled v-text-field--enclosed v-select"
        >
          <div
            class="v-input__control"
          >
            <div
              aria-expanded="false"
              aria-haspopup="listbox"
              aria-owns="list-5"
              class="v-input__slot"
              role="button"
              style="background-color: rgba(252, 191, 196, 0.114); border-color: #fcbfc41d;"
            >
              <div
                class="v-select__slot"
              >
                <label
                  class="v-label theme--light"
                  for="input-5"
                  style="left: 0px; position: absolute;"
                >
                  Filter Events
                </label>
                <div
                  class="v-select__selections"
                >
                  <input
                    aria-readonly="false"
                    autocomplete="off"
                    id="input-5"
                    readonly="readonly"
                    type="text"
                  />
                </div>
                <div
                  class="v-input__append-inner"
                >
                  <div
                    class="v-input__icon v-input__icon--append"
                  >
                    <i
                      aria-hidden="true"
                      class="v-icon notranslate mdi mdi-menu-down theme--light"
                    />
                  </div>
                </div>
                <input
                  type="hidden"
                />
              </div>
              <div
                class="v-menu"
              >
                <!---->
              </div>
            </div>
            <div
              class="v-text-field__details"
            >
              <div
                class="v-messages theme--light"
              >
                <transition-group-stub
                  class="v-messages__wrapper"
                  name="message-transition"
                  tag="div"
                />
              </div>
            </div>
          </div>
        </div>
      </div>
       
      <button
        class="reset-button v-btn v-btn--contained theme--light v-size--default light"
        type="button"
      >
        <span
          class="v-btn__content"
        >
          Reset
        </span>
      </button>
    </div>
  </div>
   
  <div
    class="container"
  >
    <div
      class="layout row wrap"
    />
  </div>
</div>
`;
